// Jest Snapshot v1, https://goo.gl/fbAQLP

exports[`Portal component should render portal component 1`] = `
<div>
  Test
</div>
`;
